// Jest Snapshot v1, https://goo.gl/fbAQLP

exports[`dependency-analyzer can detect dependencies in the code 1`] = `
Array [
  "react",
  "react-dom",
  "mobx-react",
  "mobx",
  "mobx-state-tree",
  "todomvc-app-css",
  "singlquote",
  "test",
  "remotedev",
]
`;

exports[`dependency-analyzer can detect from multiple files 1`] = `
Array [
  "react",
  "react-dom",
  "mobx-react",
  "mobx",
  "mobx-state-tree",
  "todomvc-app-css",
  "singlquote",
  "test",
  "remotedev",
]
`;

exports[`dependency-analyzer can detect multiline dependencies 1`] = `
Array [
  "react",
  "prop-types",
  "d3-format",
  "d3-time-format",
  "react-bootstrap",
  "react-stockcharts",
]
`;

exports[`dependency-analyzer works with big files 1`] = `
Array [
  "react",
  "prop-types",
  "d3-format",
  "d3-time-format",
  "react-bootstrap",
  "react-stockcharts",
]
`;
